// Validating benchmarks:
// ***** BenchmarkRunner: Start   *****
// ***** Found 4 benchmark(s) in total *****
// ***** Building 1 exe(s) in Parallel: Start   *****
Unable to find .sln or .csproj file. Will use current directory /private/tmp/deltaecs-l7 to search for project file. If you don't use .sln file on purpose it should not be a problem.
// start dotnet  restore /p:UseSharedCompilation=false /p:BuildInParallel=false /m:1 /p:Deterministic=true /p:Optimize=true in /private/tmp/deltaecs-l7/benchmarks/DeltaECS.MicroBenchmarks/bin/Release/net8.0/73b9c284-a112-4f8d-b32e-d2135ca5aa16
// command took 0.53 sec and exited with 0
// start dotnet  build -c Release --no-restore /p:UseSharedCompilation=false /p:BuildInParallel=false /m:1 /p:Deterministic=true /p:Optimize=true in /private/tmp/deltaecs-l7/benchmarks/DeltaECS.MicroBenchmarks/bin/Release/net8.0/73b9c284-a112-4f8d-b32e-d2135ca5aa16
// command took 1.25 sec and exited with 0
// ***** Done, took 00:00:01 (1.81 sec)   *****
// Found 4 benchmarks:
//   DenseIterationMicroBenchmarks.Movement4Components: Job-UZJGTW(InvocationCount=1, UnrollFactor=1) [Amount=100]
//   DenseIterationMicroBenchmarks.Movement4Components: Job-UZJGTW(InvocationCount=1, UnrollFactor=1) [Amount=1000]
//   DenseIterationMicroBenchmarks.Movement4Components: Job-UZJGTW(InvocationCount=1, UnrollFactor=1) [Amount=10000]
//   DenseIterationMicroBenchmarks.Movement4Components: Job-UZJGTW(InvocationCount=1, UnrollFactor=1) [Amount=100000]

// **************************
// Benchmark: DenseIterationMicroBenchmarks.Movement4Components: Job-UZJGTW(InvocationCount=1, UnrollFactor=1) [Amount=100]
// *** Execute ***
// Launch: 1 / 1
// Execute: dotnet 73b9c284-a112-4f8d-b32e-d2135ca5aa16.dll --anonymousPipes 112 113 --benchmarkName "Delta.ECS.MicroBenchmarks.DenseIterationMicroBenchmarks.Movement4Components(Amount: 100)" --job "InvocationCount=1, UnrollFactor=1" --benchmarkId 0 in /private/tmp/deltaecs-l7/benchmarks/DeltaECS.MicroBenchmarks/bin/Release/net8.0/73b9c284-a112-4f8d-b32e-d2135ca5aa16/bin/Release/net8.0
// Failed to set up high priority (Permission denied). In order to run benchmarks with high priority, make sure you have the right permissions.
// BeforeAnythingElse

// Benchmark Process Environment Information:
// BenchmarkDotNet v0.13.12
// Runtime=.NET 8.0.29 (8.0.2926.32403), Arm64 RyuJIT AdvSIMD
// GC=Concurrent Workstation
// HardwareIntrinsics=AdvSIMD,AES,CRC32,DP,RDM,SHA1,SHA256 VectorSize=128
// Job: Job-JQVDDI(InvocationCount=1, UnrollFactor=1)

OverheadJitting  1: 1 op, 127417.00 ns, 127.4170 us/op
WorkloadJitting  1: 1 op, 1712542.00 ns, 1.7125 ms/op

OverheadWarmup   1: 1 op, 167.00 ns, 167.0000 ns/op
OverheadWarmup   2: 1 op, 84.00 ns, 84.0000 ns/op
OverheadWarmup   3: 1 op, 125.00 ns, 125.0000 ns/op
OverheadWarmup   4: 1 op, 41.00 ns, 41.0000 ns/op
OverheadWarmup   5: 1 op, 42.00 ns, 42.0000 ns/op
OverheadWarmup   6: 1 op, 42.00 ns, 42.0000 ns/op

OverheadActual   1: 1 op, 41.00 ns, 41.0000 ns/op
OverheadActual   2: 1 op, 0.00 ns, 0.0000 ns/op
OverheadActual   3: 1 op, 0.00 ns, 0.0000 ns/op
OverheadActual   4: 1 op, 42.00 ns, 42.0000 ns/op
OverheadActual   5: 1 op, 167.00 ns, 167.0000 ns/op
OverheadActual   6: 1 op, 125.00 ns, 125.0000 ns/op
OverheadActual   7: 1 op, 83.00 ns, 83.0000 ns/op
OverheadActual   8: 1 op, 83.00 ns, 83.0000 ns/op
OverheadActual   9: 1 op, 0.00 ns, 0.0000 ns/op
OverheadActual  10: 1 op, 0.00 ns, 0.0000 ns/op
OverheadActual  11: 1 op, 83.00 ns, 83.0000 ns/op
OverheadActual  12: 1 op, 0.00 ns, 0.0000 ns/op
OverheadActual  13: 1 op, 42.00 ns, 42.0000 ns/op
OverheadActual  14: 1 op, 125.00 ns, 125.0000 ns/op
OverheadActual  15: 1 op, 42.00 ns, 42.0000 ns/op
OverheadActual  16: 1 op, 42.00 ns, 42.0000 ns/op
OverheadActual  17: 1 op, 84.00 ns, 84.0000 ns/op
OverheadActual  18: 1 op, 83.00 ns, 83.0000 ns/op
OverheadActual  19: 1 op, 83.00 ns, 83.0000 ns/op
OverheadActual  20: 1 op, 42.00 ns, 42.0000 ns/op

WorkloadWarmup   1: 1 op, 9042.00 ns, 9.0420 us/op
WorkloadWarmup   2: 1 op, 6500.00 ns, 6.5000 us/op
WorkloadWarmup   3: 1 op, 6292.00 ns, 6.2920 us/op
WorkloadWarmup   4: 1 op, 5292.00 ns, 5.2920 us/op
WorkloadWarmup   5: 1 op, 6417.00 ns, 6.4170 us/op
WorkloadWarmup   6: 1 op, 5125.00 ns, 5.1250 us/op
WorkloadWarmup   7: 1 op, 7334.00 ns, 7.3340 us/op
WorkloadWarmup   8: 1 op, 6250.00 ns, 6.2500 us/op

// BeforeActualRun
WorkloadActual   1: 1 op, 6166.00 ns, 6.1660 us/op
WorkloadActual   2: 1 op, 5458.00 ns, 5.4580 us/op
WorkloadActual   3: 1 op, 5500.00 ns, 5.5000 us/op
WorkloadActual   4: 1 op, 6292.00 ns, 6.2920 us/op
WorkloadActual   5: 1 op, 5792.00 ns, 5.7920 us/op
WorkloadActual   6: 1 op, 6041.00 ns, 6.0410 us/op
WorkloadActual   7: 1 op, 5666.00 ns, 5.6660 us/op
WorkloadActual   8: 1 op, 5958.00 ns, 5.9580 us/op
WorkloadActual   9: 1 op, 35541.00 ns, 35.5410 us/op
WorkloadActual  10: 1 op, 6750.00 ns, 6.7500 us/op
WorkloadActual  11: 1 op, 5000.00 ns, 5.0000 us/op
WorkloadActual  12: 1 op, 5167.00 ns, 5.1670 us/op
WorkloadActual  13: 1 op, 4958.00 ns, 4.9580 us/op
WorkloadActual  14: 1 op, 5208.00 ns, 5.2080 us/op
WorkloadActual  15: 1 op, 5167.00 ns, 5.1670 us/op
WorkloadActual  16: 1 op, 4875.00 ns, 4.8750 us/op
WorkloadActual  17: 1 op, 4958.00 ns, 4.9580 us/op
WorkloadActual  18: 1 op, 5042.00 ns, 5.0420 us/op
WorkloadActual  19: 1 op, 4875.00 ns, 4.8750 us/op
WorkloadActual  20: 1 op, 4750.00 ns, 4.7500 us/op
WorkloadActual  21: 1 op, 5375.00 ns, 5.3750 us/op
WorkloadActual  22: 1 op, 6791.00 ns, 6.7910 us/op
WorkloadActual  23: 1 op, 5583.00 ns, 5.5830 us/op
WorkloadActual  24: 1 op, 4875.00 ns, 4.8750 us/op
WorkloadActual  25: 1 op, 5750.00 ns, 5.7500 us/op
WorkloadActual  26: 1 op, 5834.00 ns, 5.8340 us/op
WorkloadActual  27: 1 op, 5417.00 ns, 5.4170 us/op
WorkloadActual  28: 1 op, 4833.00 ns, 4.8330 us/op
WorkloadActual  29: 1 op, 11417.00 ns, 11.4170 us/op
WorkloadActual  30: 1 op, 5208.00 ns, 5.2080 us/op
WorkloadActual  31: 1 op, 6417.00 ns, 6.4170 us/op
WorkloadActual  32: 1 op, 7000.00 ns, 7.0000 us/op
WorkloadActual  33: 1 op, 5166.00 ns, 5.1660 us/op
WorkloadActual  34: 1 op, 4708.00 ns, 4.7080 us/op
WorkloadActual  35: 1 op, 5000.00 ns, 5.0000 us/op
WorkloadActual  36: 1 op, 5334.00 ns, 5.3340 us/op
WorkloadActual  37: 1 op, 4709.00 ns, 4.7090 us/op
WorkloadActual  38: 1 op, 5000.00 ns, 5.0000 us/op
WorkloadActual  39: 1 op, 5041.00 ns, 5.0410 us/op
WorkloadActual  40: 1 op, 5041.00 ns, 5.0410 us/op
WorkloadActual  41: 1 op, 5000.00 ns, 5.0000 us/op
WorkloadActual  42: 1 op, 5334.00 ns, 5.3340 us/op
WorkloadActual  43: 1 op, 5625.00 ns, 5.6250 us/op
WorkloadActual  44: 1 op, 5708.00 ns, 5.7080 us/op
WorkloadActual  45: 1 op, 6042.00 ns, 6.0420 us/op
WorkloadActual  46: 1 op, 5541.00 ns, 5.5410 us/op
WorkloadActual  47: 1 op, 5167.00 ns, 5.1670 us/op
WorkloadActual  48: 1 op, 5375.00 ns, 5.3750 us/op
WorkloadActual  49: 1 op, 5667.00 ns, 5.6670 us/op
WorkloadActual  50: 1 op, 5542.00 ns, 5.5420 us/op
WorkloadActual  51: 1 op, 5541.00 ns, 5.5410 us/op
WorkloadActual  52: 1 op, 4916.00 ns, 4.9160 us/op
WorkloadActual  53: 1 op, 4583.00 ns, 4.5830 us/op
WorkloadActual  54: 1 op, 6042.00 ns, 6.0420 us/op
WorkloadActual  55: 1 op, 5250.00 ns, 5.2500 us/op
WorkloadActual  56: 1 op, 4834.00 ns, 4.8340 us/op
WorkloadActual  57: 1 op, 5917.00 ns, 5.9170 us/op
WorkloadActual  58: 1 op, 5208.00 ns, 5.2080 us/op
WorkloadActual  59: 1 op, 5042.00 ns, 5.0420 us/op
WorkloadActual  60: 1 op, 5041.00 ns, 5.0410 us/op
WorkloadActual  61: 1 op, 5708.00 ns, 5.7080 us/op
WorkloadActual  62: 1 op, 4958.00 ns, 4.9580 us/op
WorkloadActual  63: 1 op, 5375.00 ns, 5.3750 us/op
WorkloadActual  64: 1 op, 5792.00 ns, 5.7920 us/op
WorkloadActual  65: 1 op, 5583.00 ns, 5.5830 us/op
WorkloadActual  66: 1 op, 5334.00 ns, 5.3340 us/op
WorkloadActual  67: 1 op, 5500.00 ns, 5.5000 us/op
WorkloadActual  68: 1 op, 5417.00 ns, 5.4170 us/op
WorkloadActual  69: 1 op, 5416.00 ns, 5.4160 us/op
WorkloadActual  70: 1 op, 5458.00 ns, 5.4580 us/op
WorkloadActual  71: 1 op, 5500.00 ns, 5.5000 us/op
WorkloadActual  72: 1 op, 7417.00 ns, 7.4170 us/op
WorkloadActual  73: 1 op, 5958.00 ns, 5.9580 us/op
WorkloadActual  74: 1 op, 5375.00 ns, 5.3750 us/op
WorkloadActual  75: 1 op, 7042.00 ns, 7.0420 us/op
WorkloadActual  76: 1 op, 5584.00 ns, 5.5840 us/op
WorkloadActual  77: 1 op, 5167.00 ns, 5.1670 us/op
WorkloadActual  78: 1 op, 5625.00 ns, 5.6250 us/op
WorkloadActual  79: 1 op, 5292.00 ns, 5.2920 us/op
WorkloadActual  80: 1 op, 5333.00 ns, 5.3330 us/op
WorkloadActual  81: 1 op, 5375.00 ns, 5.3750 us/op
WorkloadActual  82: 1 op, 5083.00 ns, 5.0830 us/op
WorkloadActual  83: 1 op, 4459.00 ns, 4.4590 us/op
WorkloadActual  84: 1 op, 5833.00 ns, 5.8330 us/op
WorkloadActual  85: 1 op, 6000.00 ns, 6.0000 us/op
WorkloadActual  86: 1 op, 5709.00 ns, 5.7090 us/op
WorkloadActual  87: 1 op, 5791.00 ns, 5.7910 us/op
WorkloadActual  88: 1 op, 5708.00 ns, 5.7080 us/op
WorkloadActual  89: 1 op, 6667.00 ns, 6.6670 us/op
WorkloadActual  90: 1 op, 5708.00 ns, 5.7080 us/op
WorkloadActual  91: 1 op, 5958.00 ns, 5.9580 us/op
WorkloadActual  92: 1 op, 5792.00 ns, 5.7920 us/op
WorkloadActual  93: 1 op, 5084.00 ns, 5.0840 us/op
WorkloadActual  94: 1 op, 5625.00 ns, 5.6250 us/op
WorkloadActual  95: 1 op, 6417.00 ns, 6.4170 us/op
WorkloadActual  96: 1 op, 16542.00 ns, 16.5420 us/op
WorkloadActual  97: 1 op, 6292.00 ns, 6.2920 us/op
WorkloadActual  98: 1 op, 5542.00 ns, 5.5420 us/op
WorkloadActual  99: 1 op, 4292.00 ns, 4.2920 us/op
WorkloadActual  100: 1 op, 5792.00 ns, 5.7920 us/op

// AfterActualRun
WorkloadResult   1: 1 op, 6124.00 ns, 6.1240 us/op
WorkloadResult   2: 1 op, 5416.00 ns, 5.4160 us/op
WorkloadResult   3: 1 op, 5458.00 ns, 5.4580 us/op
WorkloadResult   4: 1 op, 6250.00 ns, 6.2500 us/op
WorkloadResult   5: 1 op, 5750.00 ns, 5.7500 us/op
WorkloadResult   6: 1 op, 5999.00 ns, 5.9990 us/op
WorkloadResult   7: 1 op, 5624.00 ns, 5.6240 us/op
WorkloadResult   8: 1 op, 5916.00 ns, 5.9160 us/op
WorkloadResult   9: 1 op, 6708.00 ns, 6.7080 us/op
WorkloadResult  10: 1 op, 4958.00 ns, 4.9580 us/op
WorkloadResult  11: 1 op, 5125.00 ns, 5.1250 us/op
WorkloadResult  12: 1 op, 4916.00 ns, 4.9160 us/op
WorkloadResult  13: 1 op, 5166.00 ns, 5.1660 us/op
WorkloadResult  14: 1 op, 5125.00 ns, 5.1250 us/op
WorkloadResult  15: 1 op, 4833.00 ns, 4.8330 us/op
WorkloadResult  16: 1 op, 4916.00 ns, 4.9160 us/op
WorkloadResult  17: 1 op, 5000.00 ns, 5.0000 us/op
WorkloadResult  18: 1 op, 4833.00 ns, 4.8330 us/op
WorkloadResult  19: 1 op, 4708.00 ns, 4.7080 us/op
WorkloadResult  20: 1 op, 5333.00 ns, 5.3330 us/op
WorkloadResult  21: 1 op, 6749.00 ns, 6.7490 us/op
WorkloadResult  22: 1 op, 5541.00 ns, 5.5410 us/op
WorkloadResult  23: 1 op, 4833.00 ns, 4.8330 us/op
WorkloadResult  24: 1 op, 5708.00 ns, 5.7080 us/op
WorkloadResult  25: 1 op, 5792.00 ns, 5.7920 us/op
WorkloadResult  26: 1 op, 5375.00 ns, 5.3750 us/op
WorkloadResult  27: 1 op, 4791.00 ns, 4.7910 us/op
WorkloadResult  28: 1 op, 5166.00 ns, 5.1660 us/op
WorkloadResult  29: 1 op, 6375.00 ns, 6.3750 us/op
WorkloadResult  30: 1 op, 5124.00 ns, 5.1240 us/op
WorkloadResult  31: 1 op, 4666.00 ns, 4.6660 us/op
WorkloadResult  32: 1 op, 4958.00 ns, 4.9580 us/op
WorkloadResult  33: 1 op, 5292.00 ns, 5.2920 us/op
WorkloadResult  34: 1 op, 4667.00 ns, 4.6670 us/op
WorkloadResult  35: 1 op, 4958.00 ns, 4.9580 us/op
WorkloadResult  36: 1 op, 4999.00 ns, 4.9990 us/op
WorkloadResult  37: 1 op, 4999.00 ns, 4.9990 us/op
WorkloadResult  38: 1 op, 4958.00 ns, 4.9580 us/op
WorkloadResult  39: 1 op, 5292.00 ns, 5.2920 us/op
WorkloadResult  40: 1 op, 5583.00 ns, 5.5830 us/op
WorkloadResult  41: 1 op, 5666.00 ns, 5.6660 us/op
WorkloadResult  42: 1 op, 6000.00 ns, 6.0000 us/op
WorkloadResult  43: 1 op, 5499.00 ns, 5.4990 us/op
WorkloadResult  44: 1 op, 5125.00 ns, 5.1250 us/op
WorkloadResult  45: 1 op, 5333.00 ns, 5.3330 us/op
WorkloadResult  46: 1 op, 5625.00 ns, 5.6250 us/op
WorkloadResult  47: 1 op, 5500.00 ns, 5.5000 us/op
WorkloadResult  48: 1 op, 5499.00 ns, 5.4990 us/op
WorkloadResult  49: 1 op, 4874.00 ns, 4.8740 us/op
WorkloadResult  50: 1 op, 4541.00 ns, 4.5410 us/op
WorkloadResult  51: 1 op, 6000.00 ns, 6.0000 us/op
WorkloadResult  52: 1 op, 5208.00 ns, 5.2080 us/op
WorkloadResult  53: 1 op, 4792.00 ns, 4.7920 us/op
WorkloadResult  54: 1 op, 5875.00 ns, 5.8750 us/op
WorkloadResult  55: 1 op, 5166.00 ns, 5.1660 us/op
WorkloadResult  56: 1 op, 5000.00 ns, 5.0000 us/op
WorkloadResult  57: 1 op, 4999.00 ns, 4.9990 us/op
WorkloadResult  58: 1 op, 5666.00 ns, 5.6660 us/op
WorkloadResult  59: 1 op, 4916.00 ns, 4.9160 us/op
WorkloadResult  60: 1 op, 5333.00 ns, 5.3330 us/op
WorkloadResult  61: 1 op, 5750.00 ns, 5.7500 us/op
WorkloadResult  62: 1 op, 5541.00 ns, 5.5410 us/op
WorkloadResult  63: 1 op, 5292.00 ns, 5.2920 us/op
WorkloadResult  64: 1 op, 5458.00 ns, 5.4580 us/op
WorkloadResult  65: 1 op, 5375.00 ns, 5.3750 us/op
WorkloadResult  66: 1 op, 5374.00 ns, 5.3740 us/op
WorkloadResult  67: 1 op, 5416.00 ns, 5.4160 us/op
WorkloadResult  68: 1 op, 5458.00 ns, 5.4580 us/op
WorkloadResult  69: 1 op, 5916.00 ns, 5.9160 us/op
WorkloadResult  70: 1 op, 5333.00 ns, 5.3330 us/op
WorkloadResult  71: 1 op, 5542.00 ns, 5.5420 us/op
WorkloadResult  72: 1 op, 5125.00 ns, 5.1250 us/op
WorkloadResult  73: 1 op, 5583.00 ns, 5.5830 us/op
WorkloadResult  74: 1 op, 5250.00 ns, 5.2500 us/op
WorkloadResult  75: 1 op, 5291.00 ns, 5.2910 us/op
WorkloadResult  76: 1 op, 5333.00 ns, 5.3330 us/op
WorkloadResult  77: 1 op, 5041.00 ns, 5.0410 us/op
WorkloadResult  78: 1 op, 4417.00 ns, 4.4170 us/op
WorkloadResult  79: 1 op, 5791.00 ns, 5.7910 us/op
WorkloadResult  80: 1 op, 5958.00 ns, 5.9580 us/op
WorkloadResult  81: 1 op, 5667.00 ns, 5.6670 us/op
WorkloadResult  82: 1 op, 5749.00 ns, 5.7490 us/op
WorkloadResult  83: 1 op, 5666.00 ns, 5.6660 us/op
WorkloadResult  84: 1 op, 6625.00 ns, 6.6250 us/op
WorkloadResult  85: 1 op, 5666.00 ns, 5.6660 us/op
WorkloadResult  86: 1 op, 5916.00 ns, 5.9160 us/op
WorkloadResult  87: 1 op, 5750.00 ns, 5.7500 us/op
WorkloadResult  88: 1 op, 5042.00 ns, 5.0420 us/op
WorkloadResult  89: 1 op, 5583.00 ns, 5.5830 us/op
WorkloadResult  90: 1 op, 6375.00 ns, 6.3750 us/op
WorkloadResult  91: 1 op, 6250.00 ns, 6.2500 us/op
WorkloadResult  92: 1 op, 5500.00 ns, 5.5000 us/op
WorkloadResult  93: 1 op, 4250.00 ns, 4.2500 us/op
WorkloadResult  94: 1 op, 5750.00 ns, 5.7500 us/op
// GC:  0 0 0 736 1
// Threading:  0 0 1

// AfterAll
// Benchmark Process 81829 has exited with code 0.

Mean = 5.411 μs, StdErr = 0.051 μs (0.94%), N = 94, StdDev = 0.495 μs
Min = 4.250 μs, Q1 = 5.010 μs, Median = 5.375 μs, Q3 = 5.698 μs, Max = 6.749 μs
IQR = 0.688 μs, LowerFence = 3.979 μs, UpperFence = 6.729 μs
ConfidenceInterval = [5.238 μs; 5.584 μs] (CI 99.9%), Margin = 0.173 μs (3.20% of Mean)
Skewness = 0.39, Kurtosis = 3.11, MValue = 2

// ** Remained 3 (75,0 %) benchmark(s) to run. Estimated finish 2026-08-23 2:26 (0h 0m from now) **
// **************************
// Benchmark: DenseIterationMicroBenchmarks.Movement4Components: Job-UZJGTW(InvocationCount=1, UnrollFactor=1) [Amount=1000]
// *** Execute ***
// Launch: 1 / 1
// Execute: dotnet 73b9c284-a112-4f8d-b32e-d2135ca5aa16.dll --anonymousPipes 114 115 --benchmarkName "Delta.ECS.MicroBenchmarks.DenseIterationMicroBenchmarks.Movement4Components(Amount: 1000)" --job "InvocationCount=1, UnrollFactor=1" --benchmarkId 1 in /private/tmp/deltaecs-l7/benchmarks/DeltaECS.MicroBenchmarks/bin/Release/net8.0/73b9c284-a112-4f8d-b32e-d2135ca5aa16/bin/Release/net8.0
// Failed to set up high priority (Permission denied). In order to run benchmarks with high priority, make sure you have the right permissions.
// BeforeAnythingElse

// Benchmark Process Environment Information:
// BenchmarkDotNet v0.13.12
// Runtime=.NET 8.0.29 (8.0.2926.32403), Arm64 RyuJIT AdvSIMD
// GC=Concurrent Workstation
// HardwareIntrinsics=AdvSIMD,AES,CRC32,DP,RDM,SHA1,SHA256 VectorSize=128
// Job: Job-ARGATQ(InvocationCount=1, UnrollFactor=1)

OverheadJitting  1: 1 op, 106375.00 ns, 106.3750 us/op
WorkloadJitting  1: 1 op, 1738333.00 ns, 1.7383 ms/op

OverheadWarmup   1: 1 op, 41.00 ns, 41.0000 ns/op
OverheadWarmup   2: 1 op, 125.00 ns, 125.0000 ns/op
OverheadWarmup   3: 1 op, 125.00 ns, 125.0000 ns/op
OverheadWarmup   4: 1 op, 166.00 ns, 166.0000 ns/op
OverheadWarmup   5: 1 op, 83.00 ns, 83.0000 ns/op

OverheadActual   1: 1 op, 42.00 ns, 42.0000 ns/op
OverheadActual   2: 1 op, 84.00 ns, 84.0000 ns/op
OverheadActual   3: 1 op, 83.00 ns, 83.0000 ns/op
OverheadActual   4: 1 op, 125.00 ns, 125.0000 ns/op
OverheadActual   5: 1 op, 41.00 ns, 41.0000 ns/op
OverheadActual   6: 1 op, 83.00 ns, 83.0000 ns/op
OverheadActual   7: 1 op, 42.00 ns, 42.0000 ns/op
OverheadActual   8: 1 op, 0.00 ns, 0.0000 ns/op
OverheadActual   9: 1 op, 0.00 ns, 0.0000 ns/op
OverheadActual  10: 1 op, 42.00 ns, 42.0000 ns/op
OverheadActual  11: 1 op, 42.00 ns, 42.0000 ns/op
OverheadActual  12: 1 op, 167.00 ns, 167.0000 ns/op
OverheadActual  13: 1 op, 83.00 ns, 83.0000 ns/op
OverheadActual  14: 1 op, 42.00 ns, 42.0000 ns/op
OverheadActual  15: 1 op, 0.00 ns, 0.0000 ns/op
OverheadActual  16: 1 op, 125.00 ns, 125.0000 ns/op
OverheadActual  17: 1 op, 84.00 ns, 84.0000 ns/op
OverheadActual  18: 1 op, 0.00 ns, 0.0000 ns/op
OverheadActual  19: 1 op, 42.00 ns, 42.0000 ns/op
OverheadActual  20: 1 op, 83.00 ns, 83.0000 ns/op

WorkloadWarmup   1: 1 op, 52791.00 ns, 52.7910 us/op
WorkloadWarmup   2: 1 op, 48208.00 ns, 48.2080 us/op
WorkloadWarmup   3: 1 op, 47250.00 ns, 47.2500 us/op
WorkloadWarmup   4: 1 op, 48791.00 ns, 48.7910 us/op
WorkloadWarmup   5: 1 op, 46959.00 ns, 46.9590 us/op
WorkloadWarmup   6: 1 op, 53417.00 ns, 53.4170 us/op
WorkloadWarmup   7: 1 op, 37084.00 ns, 37.0840 us/op

// BeforeActualRun
WorkloadActual   1: 1 op, 42709.00 ns, 42.7090 us/op
WorkloadActual   2: 1 op, 1167625.00 ns, 1.1676 ms/op
WorkloadActual   3: 1 op, 42875.00 ns, 42.8750 us/op
WorkloadActual   4: 1 op, 44375.00 ns, 44.3750 us/op
WorkloadActual   5: 1 op, 55167.00 ns, 55.1670 us/op
WorkloadActual   6: 1 op, 59000.00 ns, 59.0000 us/op
WorkloadActual   7: 1 op, 43958.00 ns, 43.9580 us/op
WorkloadActual   8: 1 op, 52625.00 ns, 52.6250 us/op
WorkloadActual   9: 1 op, 51208.00 ns, 51.2080 us/op
WorkloadActual  10: 1 op, 51666.00 ns, 51.6660 us/op
WorkloadActual  11: 1 op, 49708.00 ns, 49.7080 us/op
WorkloadActual  12: 1 op, 40709.00 ns, 40.7090 us/op
WorkloadActual  13: 1 op, 40291.00 ns, 40.2910 us/op
WorkloadActual  14: 1 op, 39875.00 ns, 39.8750 us/op
WorkloadActual  15: 1 op, 41417.00 ns, 41.4170 us/op
WorkloadActual  16: 1 op, 44333.00 ns, 44.3330 us/op
WorkloadActual  17: 1 op, 53416.00 ns, 53.4160 us/op
WorkloadActual  18: 1 op, 50125.00 ns, 50.1250 us/op
WorkloadActual  19: 1 op, 42625.00 ns, 42.6250 us/op
WorkloadActual  20: 1 op, 47375.00 ns, 47.3750 us/op
WorkloadActual  21: 1 op, 46334.00 ns, 46.3340 us/op
WorkloadActual  22: 1 op, 42542.00 ns, 42.5420 us/op
WorkloadActual  23: 1 op, 44167.00 ns, 44.1670 us/op
WorkloadActual  24: 1 op, 50208.00 ns, 50.2080 us/op
WorkloadActual  25: 1 op, 46042.00 ns, 46.0420 us/op
WorkloadActual  26: 1 op, 41584.00 ns, 41.5840 us/op
WorkloadActual  27: 1 op, 41584.00 ns, 41.5840 us/op
WorkloadActual  28: 1 op, 40708.00 ns, 40.7080 us/op
WorkloadActual  29: 1 op, 40125.00 ns, 40.1250 us/op
WorkloadActual  30: 1 op, 45958.00 ns, 45.9580 us/op
WorkloadActual  31: 1 op, 50167.00 ns, 50.1670 us/op
WorkloadActual  32: 1 op, 52250.00 ns, 52.2500 us/op
WorkloadActual  33: 1 op, 49708.00 ns, 49.7080 us/op
WorkloadActual  34: 1 op, 40125.00 ns, 40.1250 us/op
WorkloadActual  35: 1 op, 44416.00 ns, 44.4160 us/op
WorkloadActual  36: 1 op, 41167.00 ns, 41.1670 us/op
WorkloadActual  37: 1 op, 39500.00 ns, 39.5000 us/op
WorkloadActual  38: 1 op, 41208.00 ns, 41.2080 us/op
WorkloadActual  39: 1 op, 43875.00 ns, 43.8750 us/op
WorkloadActual  40: 1 op, 40625.00 ns, 40.6250 us/op
WorkloadActual  41: 1 op, 39750.00 ns, 39.7500 us/op
WorkloadActual  42: 1 op, 51958.00 ns, 51.9580 us/op
WorkloadActual  43: 1 op, 39625.00 ns, 39.6250 us/op
WorkloadActual  44: 1 op, 44917.00 ns, 44.9170 us/op
WorkloadActual  45: 1 op, 43583.00 ns, 43.5830 us/op
WorkloadActual  46: 1 op, 49750.00 ns, 49.7500 us/op
WorkloadActual  47: 1 op, 46250.00 ns, 46.2500 us/op
WorkloadActual  48: 1 op, 40791.00 ns, 40.7910 us/op
WorkloadActual  49: 1 op, 41416.00 ns, 41.4160 us/op
WorkloadActual  50: 1 op, 40208.00 ns, 40.2080 us/op
WorkloadActual  51: 1 op, 39750.00 ns, 39.7500 us/op
WorkloadActual  52: 1 op, 39542.00 ns, 39.5420 us/op
WorkloadActual  53: 1 op, 57959.00 ns, 57.9590 us/op
WorkloadActual  54: 1 op, 36667.00 ns, 36.6670 us/op
WorkloadActual  55: 1 op, 35334.00 ns, 35.3340 us/op
WorkloadActual  56: 1 op, 35167.00 ns, 35.1670 us/op
WorkloadActual  57: 1 op, 35542.00 ns, 35.5420 us/op
WorkloadActual  58: 1 op, 38625.00 ns, 38.6250 us/op
WorkloadActual  59: 1 op, 46292.00 ns, 46.2920 us/op
WorkloadActual  60: 1 op, 40000.00 ns, 40.0000 us/op
WorkloadActual  61: 1 op, 39417.00 ns, 39.4170 us/op
WorkloadActual  62: 1 op, 39834.00 ns, 39.8340 us/op
WorkloadActual  63: 1 op, 39375.00 ns, 39.3750 us/op
WorkloadActual  64: 1 op, 57792.00 ns, 57.7920 us/op
WorkloadActual  65: 1 op, 50458.00 ns, 50.4580 us/op
WorkloadActual  66: 1 op, 43042.00 ns, 43.0420 us/op
WorkloadActual  67: 1 op, 43708.00 ns, 43.7080 us/op
WorkloadActual  68: 1 op, 50875.00 ns, 50.8750 us/op
WorkloadActual  69: 1 op, 51417.00 ns, 51.4170 us/op
WorkloadActual  70: 1 op, 40083.00 ns, 40.0830 us/op
WorkloadActual  71: 1 op, 40083.00 ns, 40.0830 us/op
WorkloadActual  72: 1 op, 39875.00 ns, 39.8750 us/op
WorkloadActual  73: 1 op, 39667.00 ns, 39.6670 us/op
WorkloadActual  74: 1 op, 40000.00 ns, 40.0000 us/op
WorkloadActual  75: 1 op, 40208.00 ns, 40.2080 us/op
WorkloadActual  76: 1 op, 41166.00 ns, 41.1660 us/op
WorkloadActual  77: 1 op, 39583.00 ns, 39.5830 us/op
WorkloadActual  78: 1 op, 38333.00 ns, 38.3330 us/op
WorkloadActual  79: 1 op, 39000.00 ns, 39.0000 us/op
WorkloadActual  80: 1 op, 41833.00 ns, 41.8330 us/op
WorkloadActual  81: 1 op, 41167.00 ns, 41.1670 us/op
WorkloadActual  82: 1 op, 48583.00 ns, 48.5830 us/op
WorkloadActual  83: 1 op, 40166.00 ns, 40.1660 us/op
WorkloadActual  84: 1 op, 42375.00 ns, 42.3750 us/op
WorkloadActual  85: 1 op, 40208.00 ns, 40.2080 us/op
WorkloadActual  86: 1 op, 39958.00 ns, 39.9580 us/op
WorkloadActual  87: 1 op, 41833.00 ns, 41.8330 us/op
WorkloadActual  88: 1 op, 40834.00 ns, 40.8340 us/op
WorkloadActual  89: 1 op, 43208.00 ns, 43.2080 us/op
WorkloadActual  90: 1 op, 40542.00 ns, 40.5420 us/op
WorkloadActual  91: 1 op, 46917.00 ns, 46.9170 us/op
WorkloadActual  92: 1 op, 42958.00 ns, 42.9580 us/op
WorkloadActual  93: 1 op, 39292.00 ns, 39.2920 us/op
WorkloadActual  94: 1 op, 40125.00 ns, 40.1250 us/op
WorkloadActual  95: 1 op, 40625.00 ns, 40.6250 us/op
WorkloadActual  96: 1 op, 39542.00 ns, 39.5420 us/op
WorkloadActual  97: 1 op, 39875.00 ns, 39.8750 us/op
WorkloadActual  98: 1 op, 42459.00 ns, 42.4590 us/op
WorkloadActual  99: 1 op, 49917.00 ns, 49.9170 us/op
WorkloadActual  100: 1 op, 46834.00 ns, 46.8340 us/op

// AfterActualRun
WorkloadResult   1: 1 op, 42667.00 ns, 42.6670 us/op
WorkloadResult   2: 1 op, 42833.00 ns, 42.8330 us/op
WorkloadResult   3: 1 op, 44333.00 ns, 44.3330 us/op
WorkloadResult   4: 1 op, 55125.00 ns, 55.1250 us/op
WorkloadResult   5: 1 op, 43916.00 ns, 43.9160 us/op
WorkloadResult   6: 1 op, 52583.00 ns, 52.5830 us/op
WorkloadResult   7: 1 op, 51166.00 ns, 51.1660 us/op
WorkloadResult   8: 1 op, 51624.00 ns, 51.6240 us/op
WorkloadResult   9: 1 op, 49666.00 ns, 49.6660 us/op
WorkloadResult  10: 1 op, 40667.00 ns, 40.6670 us/op
WorkloadResult  11: 1 op, 40249.00 ns, 40.2490 us/op
WorkloadResult  12: 1 op, 39833.00 ns, 39.8330 us/op
WorkloadResult  13: 1 op, 41375.00 ns, 41.3750 us/op
WorkloadResult  14: 1 op, 44291.00 ns, 44.2910 us/op
WorkloadResult  15: 1 op, 53374.00 ns, 53.3740 us/op
WorkloadResult  16: 1 op, 50083.00 ns, 50.0830 us/op
WorkloadResult  17: 1 op, 42583.00 ns, 42.5830 us/op
WorkloadResult  18: 1 op, 47333.00 ns, 47.3330 us/op
WorkloadResult  19: 1 op, 46292.00 ns, 46.2920 us/op
WorkloadResult  20: 1 op, 42500.00 ns, 42.5000 us/op
WorkloadResult  21: 1 op, 44125.00 ns, 44.1250 us/op
WorkloadResult  22: 1 op, 50166.00 ns, 50.1660 us/op
WorkloadResult  23: 1 op, 46000.00 ns, 46.0000 us/op
WorkloadResult  24: 1 op, 41542.00 ns, 41.5420 us/op
WorkloadResult  25: 1 op, 41542.00 ns, 41.5420 us/op
WorkloadResult  26: 1 op, 40666.00 ns, 40.6660 us/op
WorkloadResult  27: 1 op, 40083.00 ns, 40.0830 us/op
WorkloadResult  28: 1 op, 45916.00 ns, 45.9160 us/op
WorkloadResult  29: 1 op, 50125.00 ns, 50.1250 us/op
WorkloadResult  30: 1 op, 52208.00 ns, 52.2080 us/op
WorkloadResult  31: 1 op, 49666.00 ns, 49.6660 us/op
WorkloadResult  32: 1 op, 40083.00 ns, 40.0830 us/op
WorkloadResult  33: 1 op, 44374.00 ns, 44.3740 us/op
WorkloadResult  34: 1 op, 41125.00 ns, 41.1250 us/op
WorkloadResult  35: 1 op, 39458.00 ns, 39.4580 us/op
WorkloadResult  36: 1 op, 41166.00 ns, 41.1660 us/op
WorkloadResult  37: 1 op, 43833.00 ns, 43.8330 us/op
WorkloadResult  38: 1 op, 40583.00 ns, 40.5830 us/op
WorkloadResult  39: 1 op, 39708.00 ns, 39.7080 us/op
WorkloadResult  40: 1 op, 51916.00 ns, 51.9160 us/op
WorkloadResult  41: 1 op, 39583.00 ns, 39.5830 us/op
WorkloadResult  42: 1 op, 44875.00 ns, 44.8750 us/op
WorkloadResult  43: 1 op, 43541.00 ns, 43.5410 us/op
WorkloadResult  44: 1 op, 49708.00 ns, 49.7080 us/op
WorkloadResult  45: 1 op, 46208.00 ns, 46.2080 us/op
WorkloadResult  46: 1 op, 40749.00 ns, 40.7490 us/op
WorkloadResult  47: 1 op, 41374.00 ns, 41.3740 us/op
WorkloadResult  48: 1 op, 40166.00 ns, 40.1660 us/op
WorkloadResult  49: 1 op, 39708.00 ns, 39.7080 us/op
WorkloadResult  50: 1 op, 39500.00 ns, 39.5000 us/op
WorkloadResult  51: 1 op, 36625.00 ns, 36.6250 us/op
WorkloadResult  52: 1 op, 35292.00 ns, 35.2920 us/op
WorkloadResult  53: 1 op, 35125.00 ns, 35.1250 us/op
WorkloadResult  54: 1 op, 35500.00 ns, 35.5000 us/op
WorkloadResult  55: 1 op, 38583.00 ns, 38.5830 us/op
WorkloadResult  56: 1 op, 46250.00 ns, 46.2500 us/op
WorkloadResult  57: 1 op, 39958.00 ns, 39.9580 us/op
WorkloadResult  58: 1 op, 39375.00 ns, 39.3750 us/op
WorkloadResult  59: 1 op, 39792.00 ns, 39.7920 us/op
WorkloadResult  60: 1 op, 39333.00 ns, 39.3330 us/op
WorkloadResult  61: 1 op, 50416.00 ns, 50.4160 us/op
WorkloadResult  62: 1 op, 43000.00 ns, 43.0000 us/op
WorkloadResult  63: 1 op, 43666.00 ns, 43.6660 us/op
WorkloadResult  64: 1 op, 50833.00 ns, 50.8330 us/op
WorkloadResult  65: 1 op, 51375.00 ns, 51.3750 us/op
WorkloadResult  66: 1 op, 40041.00 ns, 40.0410 us/op
WorkloadResult  67: 1 op, 40041.00 ns, 40.0410 us/op
WorkloadResult  68: 1 op, 39833.00 ns, 39.8330 us/op
WorkloadResult  69: 1 op, 39625.00 ns, 39.6250 us/op
WorkloadResult  70: 1 op, 39958.00 ns, 39.9580 us/op
WorkloadResult  71: 1 op, 40166.00 ns, 40.1660 us/op
WorkloadResult  72: 1 op, 41124.00 ns, 41.1240 us/op
WorkloadResult  73: 1 op, 39541.00 ns, 39.5410 us/op
WorkloadResult  74: 1 op, 38291.00 ns, 38.2910 us/op
WorkloadResult  75: 1 op, 38958.00 ns, 38.9580 us/op
WorkloadResult  76: 1 op, 41791.00 ns, 41.7910 us/op
WorkloadResult  77: 1 op, 41125.00 ns, 41.1250 us/op
WorkloadResult  78: 1 op, 48541.00 ns, 48.5410 us/op
WorkloadResult  79: 1 op, 40124.00 ns, 40.1240 us/op
WorkloadResult  80: 1 op, 42333.00 ns, 42.3330 us/op
WorkloadResult  81: 1 op, 40166.00 ns, 40.1660 us/op
WorkloadResult  82: 1 op, 39916.00 ns, 39.9160 us/op
WorkloadResult  83: 1 op, 41791.00 ns, 41.7910 us/op
WorkloadResult  84: 1 op, 40792.00 ns, 40.7920 us/op
WorkloadResult  85: 1 op, 43166.00 ns, 43.1660 us/op
WorkloadResult  86: 1 op, 40500.00 ns, 40.5000 us/op
WorkloadResult  87: 1 op, 46875.00 ns, 46.8750 us/op
WorkloadResult  88: 1 op, 42916.00 ns, 42.9160 us/op
WorkloadResult  89: 1 op, 39250.00 ns, 39.2500 us/op
WorkloadResult  90: 1 op, 40083.00 ns, 40.0830 us/op
WorkloadResult  91: 1 op, 40583.00 ns, 40.5830 us/op
WorkloadResult  92: 1 op, 39500.00 ns, 39.5000 us/op
WorkloadResult  93: 1 op, 39833.00 ns, 39.8330 us/op
WorkloadResult  94: 1 op, 42417.00 ns, 42.4170 us/op
WorkloadResult  95: 1 op, 49875.00 ns, 49.8750 us/op
WorkloadResult  96: 1 op, 46792.00 ns, 46.7920 us/op
// GC:  0 0 0 736 1
// Threading:  0 0 1

// AfterAll
// Benchmark Process 81830 has exited with code 0.

Mean = 43.159 μs, StdErr = 0.461 μs (1.07%), N = 96, StdDev = 4.517 μs
Min = 35.125 μs, Q1 = 39.958 μs, Median = 41.459 μs, Q3 = 46.052 μs, Max = 55.125 μs
IQR = 6.094 μs, LowerFence = 30.817 μs, UpperFence = 55.193 μs
ConfidenceInterval = [41.593 μs; 44.725 μs] (CI 99.9%), Margin = 1.566 μs (3.63% of Mean)
Skewness = 0.78, Kurtosis = 2.68, MValue = 2.62

// ** Remained 2 (50,0 %) benchmark(s) to run. Estimated finish 2026-08-23 2:26 (0h 0m from now) **
// **************************
// Benchmark: DenseIterationMicroBenchmarks.Movement4Components: Job-UZJGTW(InvocationCount=1, UnrollFactor=1) [Amount=10000]
// *** Execute ***
// Launch: 1 / 1
// Execute: dotnet 73b9c284-a112-4f8d-b32e-d2135ca5aa16.dll --anonymousPipes 114 115 --benchmarkName "Delta.ECS.MicroBenchmarks.DenseIterationMicroBenchmarks.Movement4Components(Amount: 10000)" --job "InvocationCount=1, UnrollFactor=1" --benchmarkId 2 in /private/tmp/deltaecs-l7/benchmarks/DeltaECS.MicroBenchmarks/bin/Release/net8.0/73b9c284-a112-4f8d-b32e-d2135ca5aa16/bin/Release/net8.0
// Failed to set up high priority (Permission denied). In order to run benchmarks with high priority, make sure you have the right permissions.
// BeforeAnythingElse

// Benchmark Process Environment Information:
// BenchmarkDotNet v0.13.12
// Runtime=.NET 8.0.29 (8.0.2926.32403), Arm64 RyuJIT AdvSIMD
// GC=Concurrent Workstation
// HardwareIntrinsics=AdvSIMD,AES,CRC32,DP,RDM,SHA1,SHA256 VectorSize=128
// Job: Job-JRVTAS(InvocationCount=1, UnrollFactor=1)

OverheadJitting  1: 1 op, 122250.00 ns, 122.2500 us/op
WorkloadJitting  1: 1 op, 2872250.00 ns, 2.8723 ms/op

OverheadWarmup   1: 1 op, 125.00 ns, 125.0000 ns/op
OverheadWarmup   2: 1 op, 83.00 ns, 83.0000 ns/op
OverheadWarmup   3: 1 op, 41.00 ns, 41.0000 ns/op
OverheadWarmup   4: 1 op, 84.00 ns, 84.0000 ns/op
OverheadWarmup   5: 1 op, 0.00 ns, 0.0000 ns/op
OverheadWarmup   6: 1 op, 42.00 ns, 42.0000 ns/op
OverheadWarmup   7: 1 op, 42.00 ns, 42.0000 ns/op

OverheadActual   1: 1 op, 83.00 ns, 83.0000 ns/op
OverheadActual   2: 1 op, 84.00 ns, 84.0000 ns/op
OverheadActual   3: 1 op, 83.00 ns, 83.0000 ns/op
OverheadActual   4: 1 op, 167.00 ns, 167.0000 ns/op
OverheadActual   5: 1 op, 41.00 ns, 41.0000 ns/op
OverheadActual   6: 1 op, 125.00 ns, 125.0000 ns/op
OverheadActual   7: 1 op, 83.00 ns, 83.0000 ns/op
OverheadActual   8: 1 op, 41.00 ns, 41.0000 ns/op
OverheadActual   9: 1 op, 208.00 ns, 208.0000 ns/op
OverheadActual  10: 1 op, 42.00 ns, 42.0000 ns/op
OverheadActual  11: 1 op, 41.00 ns, 41.0000 ns/op
OverheadActual  12: 1 op, 167.00 ns, 167.0000 ns/op
OverheadActual  13: 1 op, 84.00 ns, 84.0000 ns/op
OverheadActual  14: 1 op, 83.00 ns, 83.0000 ns/op
OverheadActual  15: 1 op, 125.00 ns, 125.0000 ns/op
OverheadActual  16: 1 op, 125.00 ns, 125.0000 ns/op
OverheadActual  17: 1 op, 42.00 ns, 42.0000 ns/op
OverheadActual  18: 1 op, 83.00 ns, 83.0000 ns/op
OverheadActual  19: 1 op, 166.00 ns, 166.0000 ns/op
OverheadActual  20: 1 op, 125.00 ns, 125.0000 ns/op

WorkloadWarmup   1: 1 op, 70500.00 ns, 70.5000 us/op
WorkloadWarmup   2: 1 op, 83916.00 ns, 83.9160 us/op
WorkloadWarmup   3: 1 op, 58250.00 ns, 58.2500 us/op
WorkloadWarmup   4: 1 op, 61750.00 ns, 61.7500 us/op
WorkloadWarmup   5: 1 op, 64083.00 ns, 64.0830 us/op
WorkloadWarmup   6: 1 op, 63000.00 ns, 63.0000 us/op

// BeforeActualRun
WorkloadActual   1: 1 op, 69500.00 ns, 69.5000 us/op
WorkloadActual   2: 1 op, 63666.00 ns, 63.6660 us/op
WorkloadActual   3: 1 op, 58375.00 ns, 58.3750 us/op
WorkloadActual   4: 1 op, 62791.00 ns, 62.7910 us/op
WorkloadActual   5: 1 op, 78958.00 ns, 78.9580 us/op
WorkloadActual   6: 1 op, 57458.00 ns, 57.4580 us/op
WorkloadActual   7: 1 op, 69584.00 ns, 69.5840 us/op
WorkloadActual   8: 1 op, 71250.00 ns, 71.2500 us/op
WorkloadActual   9: 1 op, 64792.00 ns, 64.7920 us/op
WorkloadActual  10: 1 op, 56000.00 ns, 56.0000 us/op
WorkloadActual  11: 1 op, 64417.00 ns, 64.4170 us/op
WorkloadActual  12: 1 op, 58500.00 ns, 58.5000 us/op
WorkloadActual  13: 1 op, 68875.00 ns, 68.8750 us/op
WorkloadActual  14: 1 op, 70166.00 ns, 70.1660 us/op
WorkloadActual  15: 1 op, 69458.00 ns, 69.4580 us/op
WorkloadActual  16: 1 op, 65875.00 ns, 65.8750 us/op
WorkloadActual  17: 1 op, 56584.00 ns, 56.5840 us/op
WorkloadActual  18: 1 op, 57459.00 ns, 57.4590 us/op
WorkloadActual  19: 1 op, 60875.00 ns, 60.8750 us/op
WorkloadActual  20: 1 op, 56875.00 ns, 56.8750 us/op
WorkloadActual  21: 1 op, 57000.00 ns, 57.0000 us/op
WorkloadActual  22: 1 op, 60292.00 ns, 60.2920 us/op
WorkloadActual  23: 1 op, 70000.00 ns, 70.0000 us/op
WorkloadActual  24: 1 op, 64875.00 ns, 64.8750 us/op
WorkloadActual  25: 1 op, 74791.00 ns, 74.7910 us/op
WorkloadActual  26: 1 op, 61584.00 ns, 61.5840 us/op
WorkloadActual  27: 1 op, 55459.00 ns, 55.4590 us/op
WorkloadActual  28: 1 op, 77083.00 ns, 77.0830 us/op
WorkloadActual  29: 1 op, 60875.00 ns, 60.8750 us/op
WorkloadActual  30: 1 op, 64916.00 ns, 64.9160 us/op
WorkloadActual  31: 1 op, 58708.00 ns, 58.7080 us/op
WorkloadActual  32: 1 op, 61959.00 ns, 61.9590 us/op
WorkloadActual  33: 1 op, 57708.00 ns, 57.7080 us/op
WorkloadActual  34: 1 op, 55750.00 ns, 55.7500 us/op
WorkloadActual  35: 1 op, 64542.00 ns, 64.5420 us/op
WorkloadActual  36: 1 op, 64083.00 ns, 64.0830 us/op
WorkloadActual  37: 1 op, 87542.00 ns, 87.5420 us/op
WorkloadActual  38: 1 op, 67667.00 ns, 67.6670 us/op
WorkloadActual  39: 1 op, 55292.00 ns, 55.2920 us/op
WorkloadActual  40: 1 op, 55333.00 ns, 55.3330 us/op
WorkloadActual  41: 1 op, 64500.00 ns, 64.5000 us/op
WorkloadActual  42: 1 op, 71625.00 ns, 71.6250 us/op
WorkloadActual  43: 1 op, 67125.00 ns, 67.1250 us/op
WorkloadActual  44: 1 op, 56708.00 ns, 56.7080 us/op
WorkloadActual  45: 1 op, 70875.00 ns, 70.8750 us/op
WorkloadActual  46: 1 op, 55167.00 ns, 55.1670 us/op
WorkloadActual  47: 1 op, 64667.00 ns, 64.6670 us/op
WorkloadActual  48: 1 op, 64791.00 ns, 64.7910 us/op
WorkloadActual  49: 1 op, 56167.00 ns, 56.1670 us/op
WorkloadActual  50: 1 op, 55416.00 ns, 55.4160 us/op
WorkloadActual  51: 1 op, 56750.00 ns, 56.7500 us/op
WorkloadActual  52: 1 op, 62167.00 ns, 62.1670 us/op
WorkloadActual  53: 1 op, 56208.00 ns, 56.2080 us/op
WorkloadActual  54: 1 op, 85416.00 ns, 85.4160 us/op
WorkloadActual  55: 1 op, 57000.00 ns, 57.0000 us/op
WorkloadActual  56: 1 op, 61416.00 ns, 61.4160 us/op
WorkloadActual  57: 1 op, 55792.00 ns, 55.7920 us/op
WorkloadActual  58: 1 op, 65375.00 ns, 65.3750 us/op
WorkloadActual  59: 1 op, 55542.00 ns, 55.5420 us/op
WorkloadActual  60: 1 op, 57250.00 ns, 57.2500 us/op
WorkloadActual  61: 1 op, 67500.00 ns, 67.5000 us/op
WorkloadActual  62: 1 op, 55083.00 ns, 55.0830 us/op
WorkloadActual  63: 1 op, 55958.00 ns, 55.9580 us/op
WorkloadActual  64: 1 op, 56333.00 ns, 56.3330 us/op
WorkloadActual  65: 1 op, 58500.00 ns, 58.5000 us/op
WorkloadActual  66: 1 op, 61084.00 ns, 61.0840 us/op
WorkloadActual  67: 1 op, 65584.00 ns, 65.5840 us/op
WorkloadActual  68: 1 op, 62625.00 ns, 62.6250 us/op
WorkloadActual  69: 1 op, 56083.00 ns, 56.0830 us/op
WorkloadActual  70: 1 op, 55917.00 ns, 55.9170 us/op
WorkloadActual  71: 1 op, 58500.00 ns, 58.5000 us/op
WorkloadActual  72: 1 op, 73708.00 ns, 73.7080 us/op
WorkloadActual  73: 1 op, 63250.00 ns, 63.2500 us/op
WorkloadActual  74: 1 op, 64083.00 ns, 64.0830 us/op
WorkloadActual  75: 1 op, 58334.00 ns, 58.3340 us/op
WorkloadActual  76: 1 op, 57542.00 ns, 57.5420 us/op
WorkloadActual  77: 1 op, 58292.00 ns, 58.2920 us/op
WorkloadActual  78: 1 op, 56833.00 ns, 56.8330 us/op
WorkloadActual  79: 1 op, 67292.00 ns, 67.2920 us/op
WorkloadActual  80: 1 op, 54625.00 ns, 54.6250 us/op
WorkloadActual  81: 1 op, 55916.00 ns, 55.9160 us/op
WorkloadActual  82: 1 op, 55833.00 ns, 55.8330 us/op
WorkloadActual  83: 1 op, 68709.00 ns, 68.7090 us/op
WorkloadActual  84: 1 op, 56042.00 ns, 56.0420 us/op
WorkloadActual  85: 1 op, 59958.00 ns, 59.9580 us/op
WorkloadActual  86: 1 op, 55042.00 ns, 55.0420 us/op
WorkloadActual  87: 1 op, 61167.00 ns, 61.1670 us/op
WorkloadActual  88: 1 op, 61917.00 ns, 61.9170 us/op
WorkloadActual  89: 1 op, 55583.00 ns, 55.5830 us/op
WorkloadActual  90: 1 op, 49458.00 ns, 49.4580 us/op
WorkloadActual  91: 1 op, 55292.00 ns, 55.2920 us/op
WorkloadActual  92: 1 op, 56292.00 ns, 56.2920 us/op
WorkloadActual  93: 1 op, 81000.00 ns, 81.0000 us/op
WorkloadActual  94: 1 op, 66875.00 ns, 66.8750 us/op
WorkloadActual  95: 1 op, 59250.00 ns, 59.2500 us/op
WorkloadActual  96: 1 op, 59542.00 ns, 59.5420 us/op
WorkloadActual  97: 1 op, 59333.00 ns, 59.3330 us/op
WorkloadActual  98: 1 op, 69166.00 ns, 69.1660 us/op
WorkloadActual  99: 1 op, 68167.00 ns, 68.1670 us/op
WorkloadActual  100: 1 op, 66417.00 ns, 66.4170 us/op

// AfterActualRun
WorkloadResult   1: 1 op, 69416.50 ns, 69.4165 us/op
WorkloadResult   2: 1 op, 63582.50 ns, 63.5825 us/op
WorkloadResult   3: 1 op, 58291.50 ns, 58.2915 us/op
WorkloadResult   4: 1 op, 62707.50 ns, 62.7075 us/op
WorkloadResult   5: 1 op, 78874.50 ns, 78.8745 us/op
WorkloadResult   6: 1 op, 57374.50 ns, 57.3745 us/op
WorkloadResult   7: 1 op, 69500.50 ns, 69.5005 us/op
WorkloadResult   8: 1 op, 71166.50 ns, 71.1665 us/op
WorkloadResult   9: 1 op, 64708.50 ns, 64.7085 us/op
WorkloadResult  10: 1 op, 55916.50 ns, 55.9165 us/op
WorkloadResult  11: 1 op, 64333.50 ns, 64.3335 us/op
WorkloadResult  12: 1 op, 58416.50 ns, 58.4165 us/op
WorkloadResult  13: 1 op, 68791.50 ns, 68.7915 us/op
WorkloadResult  14: 1 op, 70082.50 ns, 70.0825 us/op
WorkloadResult  15: 1 op, 69374.50 ns, 69.3745 us/op
WorkloadResult  16: 1 op, 65791.50 ns, 65.7915 us/op
WorkloadResult  17: 1 op, 56500.50 ns, 56.5005 us/op
WorkloadResult  18: 1 op, 57375.50 ns, 57.3755 us/op
WorkloadResult  19: 1 op, 60791.50 ns, 60.7915 us/op
WorkloadResult  20: 1 op, 56791.50 ns, 56.7915 us/op
WorkloadResult  21: 1 op, 56916.50 ns, 56.9165 us/op
WorkloadResult  22: 1 op, 60208.50 ns, 60.2085 us/op
WorkloadResult  23: 1 op, 69916.50 ns, 69.9165 us/op
WorkloadResult  24: 1 op, 64791.50 ns, 64.7915 us/op
WorkloadResult  25: 1 op, 74707.50 ns, 74.7075 us/op
WorkloadResult  26: 1 op, 61500.50 ns, 61.5005 us/op
WorkloadResult  27: 1 op, 55375.50 ns, 55.3755 us/op
WorkloadResult  28: 1 op, 76999.50 ns, 76.9995 us/op
WorkloadResult  29: 1 op, 60791.50 ns, 60.7915 us/op
WorkloadResult  30: 1 op, 64832.50 ns, 64.8325 us/op
WorkloadResult  31: 1 op, 58624.50 ns, 58.6245 us/op
WorkloadResult  32: 1 op, 61875.50 ns, 61.8755 us/op
WorkloadResult  33: 1 op, 57624.50 ns, 57.6245 us/op
WorkloadResult  34: 1 op, 55666.50 ns, 55.6665 us/op
WorkloadResult  35: 1 op, 64458.50 ns, 64.4585 us/op
WorkloadResult  36: 1 op, 63999.50 ns, 63.9995 us/op
WorkloadResult  37: 1 op, 67583.50 ns, 67.5835 us/op
WorkloadResult  38: 1 op, 55208.50 ns, 55.2085 us/op
WorkloadResult  39: 1 op, 55249.50 ns, 55.2495 us/op
WorkloadResult  40: 1 op, 64416.50 ns, 64.4165 us/op
WorkloadResult  41: 1 op, 71541.50 ns, 71.5415 us/op
WorkloadResult  42: 1 op, 67041.50 ns, 67.0415 us/op
WorkloadResult  43: 1 op, 56624.50 ns, 56.6245 us/op
WorkloadResult  44: 1 op, 70791.50 ns, 70.7915 us/op
WorkloadResult  45: 1 op, 55083.50 ns, 55.0835 us/op
WorkloadResult  46: 1 op, 64583.50 ns, 64.5835 us/op
WorkloadResult  47: 1 op, 64707.50 ns, 64.7075 us/op
WorkloadResult  48: 1 op, 56083.50 ns, 56.0835 us/op
WorkloadResult  49: 1 op, 55332.50 ns, 55.3325 us/op
WorkloadResult  50: 1 op, 56666.50 ns, 56.6665 us/op
WorkloadResult  51: 1 op, 62083.50 ns, 62.0835 us/op
WorkloadResult  52: 1 op, 56124.50 ns, 56.1245 us/op
WorkloadResult  53: 1 op, 56916.50 ns, 56.9165 us/op
WorkloadResult  54: 1 op, 61332.50 ns, 61.3325 us/op
WorkloadResult  55: 1 op, 55708.50 ns, 55.7085 us/op
WorkloadResult  56: 1 op, 65291.50 ns, 65.2915 us/op
WorkloadResult  57: 1 op, 55458.50 ns, 55.4585 us/op
WorkloadResult  58: 1 op, 57166.50 ns, 57.1665 us/op
WorkloadResult  59: 1 op, 67416.50 ns, 67.4165 us/op
WorkloadResult  60: 1 op, 54999.50 ns, 54.9995 us/op
WorkloadResult  61: 1 op, 55874.50 ns, 55.8745 us/op
WorkloadResult  62: 1 op, 56249.50 ns, 56.2495 us/op
WorkloadResult  63: 1 op, 58416.50 ns, 58.4165 us/op
WorkloadResult  64: 1 op, 61000.50 ns, 61.0005 us/op
WorkloadResult  65: 1 op, 65500.50 ns, 65.5005 us/op
WorkloadResult  66: 1 op, 62541.50 ns, 62.5415 us/op
WorkloadResult  67: 1 op, 55999.50 ns, 55.9995 us/op
WorkloadResult  68: 1 op, 55833.50 ns, 55.8335 us/op
WorkloadResult  69: 1 op, 58416.50 ns, 58.4165 us/op
WorkloadResult  70: 1 op, 73624.50 ns, 73.6245 us/op
WorkloadResult  71: 1 op, 63166.50 ns, 63.1665 us/op
WorkloadResult  72: 1 op, 63999.50 ns, 63.9995 us/op
WorkloadResult  73: 1 op, 58250.50 ns, 58.2505 us/op
WorkloadResult  74: 1 op, 57458.50 ns, 57.4585 us/op
WorkloadResult  75: 1 op, 58208.50 ns, 58.2085 us/op
WorkloadResult  76: 1 op, 56749.50 ns, 56.7495 us/op
WorkloadResult  77: 1 op, 67208.50 ns, 67.2085 us/op
WorkloadResult  78: 1 op, 54541.50 ns, 54.5415 us/op
WorkloadResult  79: 1 op, 55832.50 ns, 55.8325 us/op
WorkloadResult  80: 1 op, 55749.50 ns, 55.7495 us/op
WorkloadResult  81: 1 op, 68625.50 ns, 68.6255 us/op
WorkloadResult  82: 1 op, 55958.50 ns, 55.9585 us/op
WorkloadResult  83: 1 op, 59874.50 ns, 59.8745 us/op
WorkloadResult  84: 1 op, 54958.50 ns, 54.9585 us/op
WorkloadResult  85: 1 op, 61083.50 ns, 61.0835 us/op
WorkloadResult  86: 1 op, 61833.50 ns, 61.8335 us/op
WorkloadResult  87: 1 op, 55499.50 ns, 55.4995 us/op
WorkloadResult  88: 1 op, 49374.50 ns, 49.3745 us/op
WorkloadResult  89: 1 op, 55208.50 ns, 55.2085 us/op
WorkloadResult  90: 1 op, 56208.50 ns, 56.2085 us/op
WorkloadResult  91: 1 op, 66791.50 ns, 66.7915 us/op
WorkloadResult  92: 1 op, 59166.50 ns, 59.1665 us/op
WorkloadResult  93: 1 op, 59458.50 ns, 59.4585 us/op
WorkloadResult  94: 1 op, 59249.50 ns, 59.2495 us/op
WorkloadResult  95: 1 op, 69082.50 ns, 69.0825 us/op
WorkloadResult  96: 1 op, 68083.50 ns, 68.0835 us/op
WorkloadResult  97: 1 op, 66333.50 ns, 66.3335 us/op
// GC:  0 0 0 736 1
// Threading:  0 0 1

// AfterAll
// Benchmark Process 81831 has exited with code 0.

Mean = 61.473 μs, StdErr = 0.599 μs (0.97%), N = 97, StdDev = 5.898 μs
Min = 49.374 μs, Q1 = 56.249 μs, Median = 60.209 μs, Q3 = 65.291 μs, Max = 78.874 μs
IQR = 9.042 μs, LowerFence = 42.687 μs, UpperFence = 78.855 μs
ConfidenceInterval = [59.440 μs; 63.506 μs] (CI 99.9%), Margin = 2.033 μs (3.31% of Mean)
Skewness = 0.68, Kurtosis = 2.78, MValue = 2.77

// ** Remained 1 (25,0 %) benchmark(s) to run. Estimated finish 2026-08-23 2:26 (0h 0m from now) **
// **************************
// Benchmark: DenseIterationMicroBenchmarks.Movement4Components: Job-UZJGTW(InvocationCount=1, UnrollFactor=1) [Amount=100000]
// *** Execute ***
// Launch: 1 / 1
// Execute: dotnet 73b9c284-a112-4f8d-b32e-d2135ca5aa16.dll --anonymousPipes 114 115 --benchmarkName "Delta.ECS.MicroBenchmarks.DenseIterationMicroBenchmarks.Movement4Components(Amount: 100000)" --job "InvocationCount=1, UnrollFactor=1" --benchmarkId 3 in /private/tmp/deltaecs-l7/benchmarks/DeltaECS.MicroBenchmarks/bin/Release/net8.0/73b9c284-a112-4f8d-b32e-d2135ca5aa16/bin/Release/net8.0
// Failed to set up high priority (Permission denied). In order to run benchmarks with high priority, make sure you have the right permissions.
// BeforeAnythingElse

// Benchmark Process Environment Information:
// BenchmarkDotNet v0.13.12
// Runtime=.NET 8.0.29 (8.0.2926.32403), Arm64 RyuJIT AdvSIMD
// GC=Concurrent Workstation
// HardwareIntrinsics=AdvSIMD,AES,CRC32,DP,RDM,SHA1,SHA256 VectorSize=128
// Job: Job-ZRFNCO(InvocationCount=1, UnrollFactor=1)

OverheadJitting  1: 1 op, 119083.00 ns, 119.0830 us/op
WorkloadJitting  1: 1 op, 3333416.00 ns, 3.3334 ms/op

OverheadWarmup   1: 1 op, 125.00 ns, 125.0000 ns/op
OverheadWarmup   2: 1 op, 83.00 ns, 83.0000 ns/op
OverheadWarmup   3: 1 op, 0.00 ns, 0.0000 ns/op
OverheadWarmup   4: 1 op, 125.00 ns, 125.0000 ns/op
OverheadWarmup   5: 1 op, 83.00 ns, 83.0000 ns/op
OverheadWarmup   6: 1 op, 0.00 ns, 0.0000 ns/op
OverheadWarmup   7: 1 op, 42.00 ns, 42.0000 ns/op
OverheadWarmup   8: 1 op, 42.00 ns, 42.0000 ns/op

OverheadActual   1: 1 op, 375.00 ns, 375.0000 ns/op
OverheadActual   2: 1 op, 208.00 ns, 208.0000 ns/op
OverheadActual   3: 1 op, 84.00 ns, 84.0000 ns/op
OverheadActual   4: 1 op, 83.00 ns, 83.0000 ns/op
OverheadActual   5: 1 op, 83.00 ns, 83.0000 ns/op
OverheadActual   6: 1 op, 42.00 ns, 42.0000 ns/op
OverheadActual   7: 1 op, 84.00 ns, 84.0000 ns/op
OverheadActual   8: 1 op, 83.00 ns, 83.0000 ns/op
OverheadActual   9: 1 op, 42.00 ns, 42.0000 ns/op
OverheadActual  10: 1 op, 41.00 ns, 41.0000 ns/op
OverheadActual  11: 1 op, 83.00 ns, 83.0000 ns/op
OverheadActual  12: 1 op, 42.00 ns, 42.0000 ns/op
OverheadActual  13: 1 op, 42.00 ns, 42.0000 ns/op
OverheadActual  14: 1 op, 0.00 ns, 0.0000 ns/op
OverheadActual  15: 1 op, 83.00 ns, 83.0000 ns/op
OverheadActual  16: 1 op, 42.00 ns, 42.0000 ns/op
OverheadActual  17: 1 op, 42.00 ns, 42.0000 ns/op
OverheadActual  18: 1 op, 0.00 ns, 0.0000 ns/op
OverheadActual  19: 1 op, 42.00 ns, 42.0000 ns/op
OverheadActual  20: 1 op, 42.00 ns, 42.0000 ns/op

WorkloadWarmup   1: 1 op, 262542.00 ns, 262.5420 us/op
WorkloadWarmup   2: 1 op, 268292.00 ns, 268.2920 us/op
WorkloadWarmup   3: 1 op, 256583.00 ns, 256.5830 us/op
WorkloadWarmup   4: 1 op, 285416.00 ns, 285.4160 us/op
WorkloadWarmup   5: 1 op, 299375.00 ns, 299.3750 us/op
WorkloadWarmup   6: 1 op, 300250.00 ns, 300.2500 us/op
WorkloadWarmup   7: 1 op, 300667.00 ns, 300.6670 us/op
WorkloadWarmup   8: 1 op, 252917.00 ns, 252.9170 us/op

// BeforeActualRun
WorkloadActual   1: 1 op, 221000.00 ns, 221.0000 us/op
WorkloadActual   2: 1 op, 241875.00 ns, 241.8750 us/op
WorkloadActual   3: 1 op, 247375.00 ns, 247.3750 us/op
WorkloadActual   4: 1 op, 242875.00 ns, 242.8750 us/op
WorkloadActual   5: 1 op, 274417.00 ns, 274.4170 us/op
WorkloadActual   6: 1 op, 250000.00 ns, 250.0000 us/op
WorkloadActual   7: 1 op, 280125.00 ns, 280.1250 us/op
WorkloadActual   8: 1 op, 242125.00 ns, 242.1250 us/op
WorkloadActual   9: 1 op, 269791.00 ns, 269.7910 us/op
WorkloadActual  10: 1 op, 246084.00 ns, 246.0840 us/op
WorkloadActual  11: 1 op, 236625.00 ns, 236.6250 us/op
WorkloadActual  12: 1 op, 261459.00 ns, 261.4590 us/op
WorkloadActual  13: 1 op, 313709.00 ns, 313.7090 us/op
WorkloadActual  14: 1 op, 239875.00 ns, 239.8750 us/op
WorkloadActual  15: 1 op, 285292.00 ns, 285.2920 us/op
WorkloadActual  16: 1 op, 248417.00 ns, 248.4170 us/op
WorkloadActual  17: 1 op, 273750.00 ns, 273.7500 us/op
WorkloadActual  18: 1 op, 292500.00 ns, 292.5000 us/op
WorkloadActual  19: 1 op, 245416.00 ns, 245.4160 us/op
WorkloadActual  20: 1 op, 264583.00 ns, 264.5830 us/op
WorkloadActual  21: 1 op, 316958.00 ns, 316.9580 us/op
WorkloadActual  22: 1 op, 241917.00 ns, 241.9170 us/op
WorkloadActual  23: 1 op, 255208.00 ns, 255.2080 us/op
WorkloadActual  24: 1 op, 286625.00 ns, 286.6250 us/op
WorkloadActual  25: 1 op, 263625.00 ns, 263.6250 us/op
WorkloadActual  26: 1 op, 251500.00 ns, 251.5000 us/op
WorkloadActual  27: 1 op, 243042.00 ns, 243.0420 us/op
WorkloadActual  28: 1 op, 272916.00 ns, 272.9160 us/op
WorkloadActual  29: 1 op, 261916.00 ns, 261.9160 us/op
WorkloadActual  30: 1 op, 237084.00 ns, 237.0840 us/op
WorkloadActual  31: 1 op, 246625.00 ns, 246.6250 us/op
WorkloadActual  32: 1 op, 260667.00 ns, 260.6670 us/op
WorkloadActual  33: 1 op, 283041.00 ns, 283.0410 us/op
WorkloadActual  34: 1 op, 330334.00 ns, 330.3340 us/op
WorkloadActual  35: 1 op, 288000.00 ns, 288.0000 us/op
WorkloadActual  36: 1 op, 252625.00 ns, 252.6250 us/op
WorkloadActual  37: 1 op, 206167.00 ns, 206.1670 us/op
WorkloadActual  38: 1 op, 275750.00 ns, 275.7500 us/op
WorkloadActual  39: 1 op, 209875.00 ns, 209.8750 us/op
WorkloadActual  40: 1 op, 193875.00 ns, 193.8750 us/op
WorkloadActual  41: 1 op, 236583.00 ns, 236.5830 us/op
WorkloadActual  42: 1 op, 230416.00 ns, 230.4160 us/op
WorkloadActual  43: 1 op, 201042.00 ns, 201.0420 us/op
WorkloadActual  44: 1 op, 226625.00 ns, 226.6250 us/op
WorkloadActual  45: 1 op, 202875.00 ns, 202.8750 us/op
WorkloadActual  46: 1 op, 218041.00 ns, 218.0410 us/op
WorkloadActual  47: 1 op, 225083.00 ns, 225.0830 us/op
WorkloadActual  48: 1 op, 218500.00 ns, 218.5000 us/op
WorkloadActual  49: 1 op, 196334.00 ns, 196.3340 us/op
WorkloadActual  50: 1 op, 191875.00 ns, 191.8750 us/op
WorkloadActual  51: 1 op, 213708.00 ns, 213.7080 us/op
WorkloadActual  52: 1 op, 195834.00 ns, 195.8340 us/op
WorkloadActual  53: 1 op, 217292.00 ns, 217.2920 us/op
WorkloadActual  54: 1 op, 209791.00 ns, 209.7910 us/op
WorkloadActual  55: 1 op, 187625.00 ns, 187.6250 us/op
WorkloadActual  56: 1 op, 279666.00 ns, 279.6660 us/op
WorkloadActual  57: 1 op, 182792.00 ns, 182.7920 us/op
WorkloadActual  58: 1 op, 194333.00 ns, 194.3330 us/op
WorkloadActual  59: 1 op, 212750.00 ns, 212.7500 us/op
WorkloadActual  60: 1 op, 188208.00 ns, 188.2080 us/op
WorkloadActual  61: 1 op, 235584.00 ns, 235.5840 us/op
WorkloadActual  62: 1 op, 210417.00 ns, 210.4170 us/op
WorkloadActual  63: 1 op, 192875.00 ns, 192.8750 us/op
WorkloadActual  64: 1 op, 209250.00 ns, 209.2500 us/op
WorkloadActual  65: 1 op, 201625.00 ns, 201.6250 us/op
WorkloadActual  66: 1 op, 215541.00 ns, 215.5410 us/op
WorkloadActual  67: 1 op, 204958.00 ns, 204.9580 us/op
WorkloadActual  68: 1 op, 195041.00 ns, 195.0410 us/op
WorkloadActual  69: 1 op, 210041.00 ns, 210.0410 us/op
WorkloadActual  70: 1 op, 237500.00 ns, 237.5000 us/op
WorkloadActual  71: 1 op, 244125.00 ns, 244.1250 us/op
WorkloadActual  72: 1 op, 202875.00 ns, 202.8750 us/op
WorkloadActual  73: 1 op, 209542.00 ns, 209.5420 us/op
WorkloadActual  74: 1 op, 206583.00 ns, 206.5830 us/op
WorkloadActual  75: 1 op, 209209.00 ns, 209.2090 us/op
WorkloadActual  76: 1 op, 217917.00 ns, 217.9170 us/op
WorkloadActual  77: 1 op, 188083.00 ns, 188.0830 us/op
WorkloadActual  78: 1 op, 237625.00 ns, 237.6250 us/op
WorkloadActual  79: 1 op, 203125.00 ns, 203.1250 us/op
WorkloadActual  80: 1 op, 192417.00 ns, 192.4170 us/op
WorkloadActual  81: 1 op, 263125.00 ns, 263.1250 us/op
WorkloadActual  82: 1 op, 206167.00 ns, 206.1670 us/op
WorkloadActual  83: 1 op, 218584.00 ns, 218.5840 us/op
WorkloadActual  84: 1 op, 192792.00 ns, 192.7920 us/op
WorkloadActual  85: 1 op, 216333.00 ns, 216.3330 us/op
WorkloadActual  86: 1 op, 217625.00 ns, 217.6250 us/op
WorkloadActual  87: 1 op, 203625.00 ns, 203.6250 us/op
WorkloadActual  88: 1 op, 230959.00 ns, 230.9590 us/op
WorkloadActual  89: 1 op, 211333.00 ns, 211.3330 us/op
WorkloadActual  90: 1 op, 198500.00 ns, 198.5000 us/op
WorkloadActual  91: 1 op, 220791.00 ns, 220.7910 us/op
WorkloadActual  92: 1 op, 205041.00 ns, 205.0410 us/op
WorkloadActual  93: 1 op, 204417.00 ns, 204.4170 us/op
WorkloadActual  94: 1 op, 208209.00 ns, 208.2090 us/op
WorkloadActual  95: 1 op, 198333.00 ns, 198.3330 us/op
WorkloadActual  96: 1 op, 205708.00 ns, 205.7080 us/op
WorkloadActual  97: 1 op, 192333.00 ns, 192.3330 us/op
WorkloadActual  98: 1 op, 193333.00 ns, 193.3330 us/op
WorkloadActual  99: 1 op, 202417.00 ns, 202.4170 us/op
WorkloadActual  100: 1 op, 186291.00 ns, 186.2910 us/op

// AfterActualRun
WorkloadResult   1: 1 op, 220958.00 ns, 220.9580 us/op
WorkloadResult   2: 1 op, 241833.00 ns, 241.8330 us/op
WorkloadResult   3: 1 op, 247333.00 ns, 247.3330 us/op
WorkloadResult   4: 1 op, 242833.00 ns, 242.8330 us/op
WorkloadResult   5: 1 op, 274375.00 ns, 274.3750 us/op
WorkloadResult   6: 1 op, 249958.00 ns, 249.9580 us/op
WorkloadResult   7: 1 op, 280083.00 ns, 280.0830 us/op
WorkloadResult   8: 1 op, 242083.00 ns, 242.0830 us/op
WorkloadResult   9: 1 op, 269749.00 ns, 269.7490 us/op
WorkloadResult  10: 1 op, 246042.00 ns, 246.0420 us/op
WorkloadResult  11: 1 op, 236583.00 ns, 236.5830 us/op
WorkloadResult  12: 1 op, 261417.00 ns, 261.4170 us/op
WorkloadResult  13: 1 op, 313667.00 ns, 313.6670 us/op
WorkloadResult  14: 1 op, 239833.00 ns, 239.8330 us/op
WorkloadResult  15: 1 op, 285250.00 ns, 285.2500 us/op
WorkloadResult  16: 1 op, 248375.00 ns, 248.3750 us/op
WorkloadResult  17: 1 op, 273708.00 ns, 273.7080 us/op
WorkloadResult  18: 1 op, 292458.00 ns, 292.4580 us/op
WorkloadResult  19: 1 op, 245374.00 ns, 245.3740 us/op
WorkloadResult  20: 1 op, 264541.00 ns, 264.5410 us/op
WorkloadResult  21: 1 op, 241875.00 ns, 241.8750 us/op
WorkloadResult  22: 1 op, 255166.00 ns, 255.1660 us/op
WorkloadResult  23: 1 op, 286583.00 ns, 286.5830 us/op
WorkloadResult  24: 1 op, 263583.00 ns, 263.5830 us/op
WorkloadResult  25: 1 op, 251458.00 ns, 251.4580 us/op
WorkloadResult  26: 1 op, 243000.00 ns, 243.0000 us/op
WorkloadResult  27: 1 op, 272874.00 ns, 272.8740 us/op
WorkloadResult  28: 1 op, 261874.00 ns, 261.8740 us/op
WorkloadResult  29: 1 op, 237042.00 ns, 237.0420 us/op
WorkloadResult  30: 1 op, 246583.00 ns, 246.5830 us/op
WorkloadResult  31: 1 op, 260625.00 ns, 260.6250 us/op
WorkloadResult  32: 1 op, 282999.00 ns, 282.9990 us/op
WorkloadResult  33: 1 op, 287958.00 ns, 287.9580 us/op
WorkloadResult  34: 1 op, 252583.00 ns, 252.5830 us/op
WorkloadResult  35: 1 op, 206125.00 ns, 206.1250 us/op
WorkloadResult  36: 1 op, 275708.00 ns, 275.7080 us/op
WorkloadResult  37: 1 op, 209833.00 ns, 209.8330 us/op
WorkloadResult  38: 1 op, 193833.00 ns, 193.8330 us/op
WorkloadResult  39: 1 op, 236541.00 ns, 236.5410 us/op
WorkloadResult  40: 1 op, 230374.00 ns, 230.3740 us/op
WorkloadResult  41: 1 op, 201000.00 ns, 201.0000 us/op
WorkloadResult  42: 1 op, 226583.00 ns, 226.5830 us/op
WorkloadResult  43: 1 op, 202833.00 ns, 202.8330 us/op
WorkloadResult  44: 1 op, 217999.00 ns, 217.9990 us/op
WorkloadResult  45: 1 op, 225041.00 ns, 225.0410 us/op
WorkloadResult  46: 1 op, 218458.00 ns, 218.4580 us/op
WorkloadResult  47: 1 op, 196292.00 ns, 196.2920 us/op
WorkloadResult  48: 1 op, 191833.00 ns, 191.8330 us/op
WorkloadResult  49: 1 op, 213666.00 ns, 213.6660 us/op
WorkloadResult  50: 1 op, 195792.00 ns, 195.7920 us/op
WorkloadResult  51: 1 op, 217250.00 ns, 217.2500 us/op
WorkloadResult  52: 1 op, 209749.00 ns, 209.7490 us/op
WorkloadResult  53: 1 op, 187583.00 ns, 187.5830 us/op
WorkloadResult  54: 1 op, 279624.00 ns, 279.6240 us/op
WorkloadResult  55: 1 op, 182750.00 ns, 182.7500 us/op
WorkloadResult  56: 1 op, 194291.00 ns, 194.2910 us/op
WorkloadResult  57: 1 op, 212708.00 ns, 212.7080 us/op
WorkloadResult  58: 1 op, 188166.00 ns, 188.1660 us/op
WorkloadResult  59: 1 op, 235542.00 ns, 235.5420 us/op
WorkloadResult  60: 1 op, 210375.00 ns, 210.3750 us/op
WorkloadResult  61: 1 op, 192833.00 ns, 192.8330 us/op
WorkloadResult  62: 1 op, 209208.00 ns, 209.2080 us/op
WorkloadResult  63: 1 op, 201583.00 ns, 201.5830 us/op
WorkloadResult  64: 1 op, 215499.00 ns, 215.4990 us/op
WorkloadResult  65: 1 op, 204916.00 ns, 204.9160 us/op
WorkloadResult  66: 1 op, 194999.00 ns, 194.9990 us/op
WorkloadResult  67: 1 op, 209999.00 ns, 209.9990 us/op
WorkloadResult  68: 1 op, 237458.00 ns, 237.4580 us/op
WorkloadResult  69: 1 op, 244083.00 ns, 244.0830 us/op
WorkloadResult  70: 1 op, 202833.00 ns, 202.8330 us/op
WorkloadResult  71: 1 op, 209500.00 ns, 209.5000 us/op
WorkloadResult  72: 1 op, 206541.00 ns, 206.5410 us/op
WorkloadResult  73: 1 op, 209167.00 ns, 209.1670 us/op
WorkloadResult  74: 1 op, 217875.00 ns, 217.8750 us/op
WorkloadResult  75: 1 op, 188041.00 ns, 188.0410 us/op
WorkloadResult  76: 1 op, 237583.00 ns, 237.5830 us/op
WorkloadResult  77: 1 op, 203083.00 ns, 203.0830 us/op
WorkloadResult  78: 1 op, 192375.00 ns, 192.3750 us/op
WorkloadResult  79: 1 op, 263083.00 ns, 263.0830 us/op
WorkloadResult  80: 1 op, 206125.00 ns, 206.1250 us/op
WorkloadResult  81: 1 op, 218542.00 ns, 218.5420 us/op
WorkloadResult  82: 1 op, 192750.00 ns, 192.7500 us/op
WorkloadResult  83: 1 op, 216291.00 ns, 216.2910 us/op
WorkloadResult  84: 1 op, 217583.00 ns, 217.5830 us/op
WorkloadResult  85: 1 op, 203583.00 ns, 203.5830 us/op
WorkloadResult  86: 1 op, 230917.00 ns, 230.9170 us/op
WorkloadResult  87: 1 op, 211291.00 ns, 211.2910 us/op
WorkloadResult  88: 1 op, 198458.00 ns, 198.4580 us/op
WorkloadResult  89: 1 op, 220749.00 ns, 220.7490 us/op
WorkloadResult  90: 1 op, 204999.00 ns, 204.9990 us/op
WorkloadResult  91: 1 op, 204375.00 ns, 204.3750 us/op
WorkloadResult  92: 1 op, 208167.00 ns, 208.1670 us/op
WorkloadResult  93: 1 op, 198291.00 ns, 198.2910 us/op
WorkloadResult  94: 1 op, 205666.00 ns, 205.6660 us/op
WorkloadResult  95: 1 op, 192291.00 ns, 192.2910 us/op
WorkloadResult  96: 1 op, 193291.00 ns, 193.2910 us/op
WorkloadResult  97: 1 op, 202375.00 ns, 202.3750 us/op
WorkloadResult  98: 1 op, 186249.00 ns, 186.2490 us/op
// GC:  0 0 0 736 1
// Threading:  0 0 1

// AfterAll
// Benchmark Process 81832 has exited with code 0.

Mean = 227.890 μs, StdErr = 3.070 μs (1.35%), N = 98, StdDev = 30.391 μs
Min = 182.750 μs, Q1 = 203.781 μs, Median = 218.228 μs, Q3 = 247.145 μs, Max = 313.667 μs
IQR = 43.364 μs, LowerFence = 138.734 μs, UpperFence = 312.192 μs
ConfidenceInterval = [217.472 μs; 238.309 μs] (CI 99.9%), Margin = 10.418 μs (4.57% of Mean)
Skewness = 0.61, Kurtosis = 2.41, MValue = 3.48

// ** Remained 0 (0,0 %) benchmark(s) to run. Estimated finish 2026-08-23 2:26 (0h 0m from now) **
// ***** BenchmarkRunner: Finish  *****

// * Export *
  artifacts/micro/l7-movement4/results/Delta.ECS.MicroBenchmarks.DenseIterationMicroBenchmarks-report.csv
  artifacts/micro/l7-movement4/results/Delta.ECS.MicroBenchmarks.DenseIterationMicroBenchmarks-report-github.md
  artifacts/micro/l7-movement4/results/Delta.ECS.MicroBenchmarks.DenseIterationMicroBenchmarks-report.html

// * Detailed results *
DenseIterationMicroBenchmarks.Movement4Components: Job-UZJGTW(InvocationCount=1, UnrollFactor=1) [Amount=100]
Runtime = .NET 8.0.29 (8.0.2926.32403), Arm64 RyuJIT AdvSIMD; GC = Concurrent Workstation
Mean = 5.411 μs, StdErr = 0.051 μs (0.94%), N = 94, StdDev = 0.495 μs
Min = 4.250 μs, Q1 = 5.010 μs, Median = 5.375 μs, Q3 = 5.698 μs, Max = 6.749 μs
IQR = 0.688 μs, LowerFence = 3.979 μs, UpperFence = 6.729 μs
ConfidenceInterval = [5.238 μs; 5.584 μs] (CI 99.9%), Margin = 0.173 μs (3.20% of Mean)
Skewness = 0.39, Kurtosis = 3.11, MValue = 2
-------------------- Histogram --------------------
[4.107 μs ; 4.336 μs) | @
[4.336 μs ; 4.627 μs) | @@
[4.627 μs ; 4.898 μs) | @@@@@@@@@
[4.898 μs ; 5.184 μs) | @@@@@@@@@@@@@@@@@@@@@@
[5.184 μs ; 5.559 μs) | @@@@@@@@@@@@@@@@@@@@@@@@@@
[5.559 μs ; 5.830 μs) | @@@@@@@@@@@@@@@@@@
[5.830 μs ; 6.142 μs) | @@@@@@@@@
[6.142 μs ; 6.455 μs) | @@@@
[6.455 μs ; 6.830 μs) | @@@
---------------------------------------------------

DenseIterationMicroBenchmarks.Movement4Components: Job-UZJGTW(InvocationCount=1, UnrollFactor=1) [Amount=1000]
Runtime = .NET 8.0.29 (8.0.2926.32403), Arm64 RyuJIT AdvSIMD; GC = Concurrent Workstation
Mean = 43.159 μs, StdErr = 0.461 μs (1.07%), N = 96, StdDev = 4.517 μs
Min = 35.125 μs, Q1 = 39.958 μs, Median = 41.459 μs, Q3 = 46.052 μs, Max = 55.125 μs
IQR = 6.094 μs, LowerFence = 30.817 μs, UpperFence = 55.193 μs
ConfidenceInterval = [41.593 μs; 44.725 μs] (CI 99.9%), Margin = 1.566 μs (3.63% of Mean)
Skewness = 0.78, Kurtosis = 2.68, MValue = 2.62
-------------------- Histogram --------------------
[34.580 μs ; 37.170 μs) | @@@@
[37.170 μs ; 39.226 μs) | @@@
[39.226 μs ; 41.815 μs) | @@@@@@@@@@@@@@@@@@@@@@@@@@@@@@@@@@@@@@@@@@@@@
[41.815 μs ; 44.899 μs) | @@@@@@@@@@@@@@@@@@
[44.899 μs ; 47.919 μs) | @@@@@@@@
[47.919 μs ; 49.642 μs) | @
[49.642 μs ; 52.232 μs) | @@@@@@@@@@@@@@
[52.232 μs ; 55.149 μs) | @@@
---------------------------------------------------

DenseIterationMicroBenchmarks.Movement4Components: Job-UZJGTW(InvocationCount=1, UnrollFactor=1) [Amount=10000]
Runtime = .NET 8.0.29 (8.0.2926.32403), Arm64 RyuJIT AdvSIMD; GC = Concurrent Workstation
Mean = 61.473 μs, StdErr = 0.599 μs (0.97%), N = 97, StdDev = 5.898 μs
Min = 49.374 μs, Q1 = 56.249 μs, Median = 60.209 μs, Q3 = 65.291 μs, Max = 78.874 μs
IQR = 9.042 μs, LowerFence = 42.687 μs, UpperFence = 78.855 μs
ConfidenceInterval = [59.440 μs; 63.506 μs] (CI 99.9%), Margin = 2.033 μs (3.31% of Mean)
Skewness = 0.68, Kurtosis = 2.78, MValue = 2.77
-------------------- Histogram --------------------
[47.690 μs ; 51.059 μs) | @
[51.059 μs ; 53.086 μs) |
[53.086 μs ; 55.065 μs) | @@@
[55.065 μs ; 58.435 μs) | @@@@@@@@@@@@@@@@@@@@@@@@@@@@@@@@@@@@@@@
[58.435 μs ; 61.482 μs) | @@@@@@@@@@@
[61.482 μs ; 64.851 μs) | @@@@@@@@@@@@@@@@@@
[64.851 μs ; 66.752 μs) | @@@@
[66.752 μs ; 70.122 μs) | @@@@@@@@@@@@@@
[70.122 μs ; 73.893 μs) | @@@@
[73.893 μs ; 76.252 μs) | @
[76.252 μs ; 79.622 μs) | @@
---------------------------------------------------

DenseIterationMicroBenchmarks.Movement4Components: Job-UZJGTW(InvocationCount=1, UnrollFactor=1) [Amount=100000]
Runtime = .NET 8.0.29 (8.0.2926.32403), Arm64 RyuJIT AdvSIMD; GC = Concurrent Workstation
Mean = 227.890 μs, StdErr = 3.070 μs (1.35%), N = 98, StdDev = 30.391 μs
Min = 182.750 μs, Q1 = 203.781 μs, Median = 218.228 μs, Q3 = 247.145 μs, Max = 313.667 μs
IQR = 43.364 μs, LowerFence = 138.734 μs, UpperFence = 312.192 μs
ConfidenceInterval = [217.472 μs; 238.309 μs] (CI 99.9%), Margin = 10.418 μs (4.57% of Mean)
Skewness = 0.61, Kurtosis = 2.41, MValue = 3.48
-------------------- Histogram --------------------
[174.098 μs ; 184.973 μs) | @
[184.973 μs ; 201.411 μs) | @@@@@@@@@@@@@@@@@@
[201.411 μs ; 218.714 μs) | @@@@@@@@@@@@@@@@@@@@@@@@@@@@@@@@
[218.714 μs ; 235.411 μs) | @@@@@@
[235.411 μs ; 252.714 μs) | @@@@@@@@@@@@@@@@@@@@@
[252.714 μs ; 259.515 μs) | @
[259.515 μs ; 276.818 μs) | @@@@@@@@@@@
[276.818 μs ; 294.693 μs) | @@@@@@@
[294.693 μs ; 305.015 μs) |
[305.015 μs ; 322.319 μs) | @
---------------------------------------------------

// * Summary *

BenchmarkDotNet v0.13.12, macOS 26.5.2 (25F84) [Darwin 25.5.0]
Apple M4 Pro, 1 CPU, 14 logical and 14 physical cores
.NET SDK 10.0.301
  [Host]     : .NET 8.0.29 (8.0.2926.32403), Arm64 RyuJIT AdvSIMD
  Job-UZJGTW : .NET 8.0.29 (8.0.2926.32403), Arm64 RyuJIT AdvSIMD

InvocationCount=1  UnrollFactor=1

| Method              | Amount | Mean       | Error      | StdDev     | Median     | Allocated |
|-------------------- |------- |-----------:|-----------:|-----------:|-----------:|----------:|
| Movement4Components | 100    |   5.411 μs |  0.1734 μs |  0.4948 μs |   5.375 μs |     736 B |
| Movement4Components | 1000   |  43.159 μs |  1.5656 μs |  4.5171 μs |  41.459 μs |     736 B |
| Movement4Components | 10000  |  61.473 μs |  2.0331 μs |  5.8984 μs |  60.209 μs |     736 B |
| Movement4Components | 100000 | 227.890 μs | 10.4182 μs | 30.3905 μs | 218.228 μs |     736 B |

// * Warnings *
MinIterationTime
  DenseIterationMicroBenchmarks.Movement4Components: InvocationCount=1, UnrollFactor=1 -> The minimum observed iteration time is 4.2920 μs which is very small. It's recommended to increase it to at least 100.0000 ms using more operations.
  DenseIterationMicroBenchmarks.Movement4Components: InvocationCount=1, UnrollFactor=1 -> The minimum observed iteration time is 35.1670 μs which is very small. It's recommended to increase it to at least 100.0000 ms using more operations.
  DenseIterationMicroBenchmarks.Movement4Components: InvocationCount=1, UnrollFactor=1 -> The minimum observed iteration time is 49.4580 μs which is very small. It's recommended to increase it to at least 100.0000 ms using more operations.
  DenseIterationMicroBenchmarks.Movement4Components: InvocationCount=1, UnrollFactor=1 -> The minimum observed iteration time is 182.7920 μs which is very small. It's recommended to increase it to at least 100.0000 ms using more operations.
MultimodalDistribution
  DenseIterationMicroBenchmarks.Movement4Components: InvocationCount=1, UnrollFactor=1 -> It seems that the distribution is bimodal (mValue = 3.48)

// * Hints *
Outliers
  DenseIterationMicroBenchmarks.Movement4Components: InvocationCount=1, UnrollFactor=1 -> 6 outliers were removed (7.00 μs..35.54 μs)
  DenseIterationMicroBenchmarks.Movement4Components: InvocationCount=1, UnrollFactor=1 -> 4 outliers were removed (57.79 μs..1.17 ms)
  DenseIterationMicroBenchmarks.Movement4Components: InvocationCount=1, UnrollFactor=1 -> 3 outliers were removed (81.00 μs..87.54 μs)
  DenseIterationMicroBenchmarks.Movement4Components: InvocationCount=1, UnrollFactor=1 -> 2 outliers were removed (316.96 μs, 330.33 μs)

// * Legends *
  Amount    : Value of the 'Amount' parameter
  Mean      : Arithmetic mean of all measurements
  Error     : Half of 99.9% confidence interval
  StdDev    : Standard deviation of all measurements
  Median    : Value separating the higher half of all measurements (50th percentile)
  Allocated : Allocated memory per single operation (managed only, inclusive, 1KB = 1024B)
  1 μs      : 1 Microsecond (0.000001 sec)

// * Diagnostic Output - MemoryDiagnoser *


// ***** BenchmarkRunner: End *****
Run time: 00:00:01 (1.59 sec), executed benchmarks: 4

Global total time: 00:00:03 (3.57 sec), executed benchmarks: 4
// * Artifacts cleanup *
Artifacts cleanup is finished
